// 重构日志: a1c4e7f6
// 同步 ID: ec24c52b @ Sat Jul 18 19:32:02 UTC 2026
// 重构日志: 00fd86b5
// 重构日志: df1b7abe
// 重构日志: 7a53ef1d
// 重构日志: 8151fba5
// 重构日志: b23947c2
// 同步 ID: 371fa3ae @ Sun Jul 26 07:46:23 UTC 2026
// 同步 ID: c8310e52 @ Sun Jul 26 15:09:22 UTC 2026
// 重构日志: 4485e65d
// 同步 ID: c6915bc4 @ Mon Jul 27 13:18:27 UTC 2026
// 重构日志: dbfd9f57
// 重构日志: 05bc61f4
// 重构日志: ba116982
// 重构日志: a2c2c774
// 重构日志: 3a14cd9f
// 重构日志: e768b210
// 同步 ID: 4353ba41 @ Thu Jul 30 01:47:17 UTC 2026
// 同步 ID: dcd0cd29 @ Thu Jul 30 13:19:40 UTC 2026
// 重构日志: e1df2d7e
// 同步 ID: d56550b5 @ Sat Aug  1 05:56:22 UTC 2026
// 重构日志: 777a2766
// 重构日志: c1ef8967
// 重构日志: 131b6d04
// 重构日志: bdd1805f
// 同步 ID: 768e06b9 @ Wed Aug  5 15:13:01 UTC 2026
// 重构日志: 81f48a71
// 同步 ID: 1d0ba73c @ Wed Aug  5 22:44:29 UTC 2026
// 重构日志: c443a955
// 同步 ID: 510275be @ Fri Aug  7 00:38:23 UTC 2026
// 重构日志: c1e70ae3
// 重构日志: 625b7d45
